 0.0019165548047057
 0.0004819916026150
 0.0001207356220168
 0.0000302191693862
 0.0000075231095193
 0.0000018758183846
 0.0038531709777020
 0.0009732192192601
 0.0002439303193831
 0.0000609753431332
 0.0000152579575626
 0.0000038114117197
 0.0019170428038694
 0.0004820356649003
 0.0001201901737138
 0.0000302350198984
 0.0000075446361872
 0.0000018832288954
 0.0000004723822417
 0.0038532089972654
 0.0009732301511840
 0.0002439056069468
 0.0000610020030339
 0.0000152162382590
 0.0000038127813822
 0.0000009531785775
 0.1201424042228054
 0.0370497310701317
 0.0103789054401755
 0.0026570902069243
 0.0006939013860530
 0.0001688415584313
 0.0000451368502712
 0.0019169387527221
 0.0004819568541431
 0.0001204554630742
 0.0000301426729126
 0.0000075169492827
 0.0000018870594383
 0.0000004717828304
 0.0038531352695721
 0.0009732290678151
 0.0002439316922930
 0.0000609964948143
 0.0000152409409880
 0.0000038142924813
 0.0000009530872503
 0.1201654970749870
 0.0370503628711112
 0.0103811373229719
 0.0027522394214943
 0.0007081782765606
 0.0001685125955726
 0.0000432999640090
 0.0019166537560624
 0.0004820262829548
 0.0001207538190565
 0.0000300523190910
 0.0000075484014970
 0.0000018888722749
 0.0000004718448391
 0.0038532101100636
 0.0009732303753128
 0.0002438919463633
 0.0000609327227241
 0.0000152352541928
 0.0000038145904042
 0.0000009521683121
 0.1201596153337308
 0.0370313396404596
 0.0103755445047313
 0.0027538193749530
 0.0007095642348260
 0.0001781358115798
 0.0000427666953020
 0.0019170403631432
 0.0004819287742642
 0.0001207196167925
 0.0000301606714600
 0.0000075400760055
 0.0000018851247600
 0.0000004724044899
 0.0038531780387994
 0.0009730738329210
 0.0002439320976826
 0.0000610115601216
 0.0000152577904825
 0.0000038138804406
 0.0000009530379500
 0.1201653276112213
 0.0370512847462265
 0.0103698868100430
 0.0027527774665437
 0.0006494179538175
 0.0001724887380967
 0.0000439647608603
 0.0019156725582697
 0.0004820388159974
 0.0001208051432108
 0.0000300872072397
 0.0000075572867180
 0.0000018901323758
 0.0000004708217203
 0.0038532101035281
 0.0009731910812396
 0.0002438943064735
 0.0000609833613232
 0.0000152044749411
 0.0000038125278531
 0.0000009530003544
 0.1201508822842450
 0.0370099551029748
 0.0103676716034258
 0.0026941150570630
 0.0007093406787182
 0.0001703104022144
 0.0000453708673951
 0.0019170454397248
 0.0004819674953200
 0.0001207722933658
 0.0000302165105420
 0.0000075176955698
 0.0000018828967211
 0.0000004717021697
 0.0038532061819379
 0.0009731960825707
 0.0002439237897935
 0.0000607998788327
 0.0000152226195990
 0.0000038080452450
 0.0000009534759888
 0.1201654977738453
 0.0370471723517580
 0.0103806617561495
 0.0027523616947991
 0.0007048979704360
 0.0001726928235839
 0.0000413215843684
 0.0019169747057038
 0.0004817072711782
 0.0001207976956759
 0.0000302350640753
 0.0000075469916395
 0.0000018891398129
 0.0000004722529944
 0.0038530321640815
 0.0009731663088947
 0.0002439080361001
 0.0000610058370339
 0.0000152143604258
 0.0000038125483062
 0.0000009489146239
 0.1201630421087843
 0.0370510204593333
 0.0102672242601223
 0.0027548450976078
 0.0007068137266550
 0.0001776944450755
 0.0000435294162280
 0.0019170160829826
 0.0004820373883702
 0.0001208035634938
 0.0000301635847300
 0.0000075485135322
 0.0000018823768139
 0.0000004727131453
 0.0038532101816351
 0.0009726036905056
 0.0002439041582541
 0.0000610082439629
 0.0000152333142207
 0.0000038102623424
 0.0000009523140483
 0.1201654433615165
 0.0370504192805785
 0.0103814186645388
 0.0027453737407441
 0.0006931951987221
 0.0001799339322011
 0.0000452359904997
 0.0020937042048756
 0.0005285138655607
 0.0001323773630649
 0.0000334041899606
 0.0000083786567030
 0.0000020971600185
 0.0000005254718450
 0.0040900632757659
 0.0010383131632753
 0.0002615901011231
 0.0000678375167684
 0.0000168665019324
 0.0000043229692136
 0.0000011060036686
 1.9406500747137621
 0.7035970408807337
 0.2769871459665065
 0.0796078785989742
 0.0195263856886605
 0.0039839843711036
 0.0015367141628868
 0.0020785486932786
 0.0005178335784343
 0.0001322840181152
 0.0000332204520879
 0.0000084635541591
 0.0000021320606935
 0.0000005292735955
 0.0040869291947909
 0.0010336447889419
 0.0002629571830549
 0.0000664673809722
 0.0000168948986848
 0.0000042690040649
 0.0000010907994805
 2.0252133398112289
 0.7762075964317408
 0.1820989173284691
 0.0778475756458370
 0.0211063372725899
 0.0052596304959032
 0.0014276926821797
 0.0020991319097816
 0.0005190128551070
 0.0001338066978863
 0.0000334350731017
 0.0000084515259983
 0.0000021201824537
 0.0000005317786353
 0.0040571707871507
 0.0010348898992792
 0.0002641288465240
 0.0000678447443335
 0.0000170950932803
 0.0000043269862334
 0.0000010775660444
 1.9246268790866665
 0.7609264251255308
 0.2768749510931841
 0.0792016335564192
 0.0193315666716494
 0.0063258564998083
 0.0010606431420666
 0.0021072428381523
 0.0005266761653293
 0.0001307231053730
 0.0000333431734968
 0.0000083491062269
 0.0000021126298537
 0.0000005271293892
 0.0040954209298403
 0.0010435930049718
 0.0002665388147787
 0.0000670918963320
 0.0000171913025595
 0.0000043192995197
 0.0000010903686197
 1.9698173813533639
 0.7972952671197824
 0.2603974178341080
 0.0395175839483715
 0.0145250469417189
 0.0053508258420560
 0.0012438045269967
 0.0020614852632057
 0.0005295658167889
 0.0001315657619437
 0.0000332332066456
 0.0000083801252767
 0.0000020978383880
 0.0000005311992208
 0.0040893751293102
 0.0010327680454865
 0.0002643209584968
 0.0000670228669520
 0.0000168645583076
 0.0000043829990318
 0.0000011039202530
 1.9239329188003342
 0.7474305379365500
 0.2753410774209755
 0.0456997777674726
 0.0144310745689502
 0.0053354975351354
 0.0017111784247241
 0.0020906593534696
 0.0005200947161310
 0.0001312491007057
 0.0000335202773194
 0.0000084820790689
 0.0040755932889843
 0.0010439497521448
 0.0002613422714921
 0.0000678701532856
 0.0000169879041922
 1.9321083158134051
 0.6413847423772889
 0.2567020413038890
 0.0610750777646505
 0.0149809478984260
 0.0021045538156351
 0.0005228329360096
 0.0001325817556480
 0.0000334008525997
 0.0000083068861784
 0.0000021117673293
 0.0000005312639845
 0.0040931917424671
 0.0010459017193069
 0.0002634110272476
 0.0000677382222157
 0.0000168720164569
 0.0000043428365150
 0.0000010981056493
 1.9494118598560153
 0.6236792109057188
 0.2270672665591391
 0.0611371454303029
 0.0209701512630751
 0.0036685866573123
 0.0017610045377516
 0.0020732149351111
 0.0005232329888666
 0.0001334609376220
 0.0000331085313369
 0.0000084280076977
 0.0000021241010990
 0.0000005414683629
 0.0040890061621878
 0.0010374091580272
 0.0002630379907890
 0.0000668606669885
 0.0000171829951133
 0.0000042722013525
 0.0000011068605656
 1.8202763247991030
 0.7347614097479571
 0.2365705570863046
 0.0752024410571241
 0.0152512252569377
 0.0057550884873994
 0.0017624539501835
 0.0020827872982293
 0.0005220760827863
 0.0001330331181909
 0.0000330560170085
 0.0000083888694065
 0.0000021200202281
 0.0000005309912768
 0.0040940894009027
 0.0010456866613505
 0.0002623342683965
 0.0000669059661970
 0.0000169644094884
 0.0000043170157074
 0.0000010817198686
 2.0203757816277879
 0.6595772829001927
 0.2607878972204922
 0.0385159875108094
 0.0131029188032343
 0.0056357692344466
 0.0019968981971239
 0.0021067425400461
 0.0005274238367471
 0.0001322779879136
 0.0000333172684960
 0.0000084055424950
 0.0000021121871510
 0.0000005310307868
 0.0040892321080888
 0.0010405091918302
 0.0002660734830812
 0.0000665219437441
 0.0000169967843787
 0.0000042979038390
 0.0000011038879266
 1.9069462462724331
 0.6820348944004095
 0.2793794096601481
 0.0642548856538028
 0.0141165712171549
 0.0057917340062819
 0.0014172430694810
 0.0021145633212665
 0.0005250921089982
 0.0001316830209387
 0.0000332544382549
 0.0000083594438756
 0.0000021044245874
 0.0000005318206521
 0.0040643154184414
 0.0010334654638483
 0.0002632471512694
 0.0000677524394379
 0.0000168895875723
 0.0000043006845065
 0.0000010980893248
 1.9596776882214400
 0.7461885953010867
 0.1785294347693824
 0.0493662417103451
 0.0142105437895985
 0.0051611882526537
 0.0011844598056250
 0.0021037145862265
 0.0005298498379079
 0.0001329049539137
 0.0000335147143754
 0.0000084041191495
 0.0000021216935052
 0.0000005411232074
 0.0040598464233349
 0.0010429490874652
 0.0002656279552430
 0.0000673215464368
 0.0000171022803948
 0.0000042966478930
 0.0000011015477472
 1.8362116540834421
 0.7982549608500946
 0.2150409655016823
 0.0372071929586051
 0.0108447097996045
 0.0049116504761741
 0.0020646946128071
 0.0020926049847004
 0.0005305501680138
 0.0001315145299740
 0.0000334045938140
 0.0000082556203979
 0.0000021121410134
 0.0000005326539113
 0.0040912116876675
 0.0010398387004441
 0.0002673068614151
 0.0000672704270718
 0.0000169826231384
 0.0000043219903632
 0.0000011041789307
 2.0445647036545083
 0.7371718534463518
 0.2365629264161360
 0.0508764306711011
 0.0166919048805330
 0.0058629029246582
 0.0016255076230731
 0.0020802282897939
 0.0005227003175834
 0.0001336830612596
 0.0000329358555202
 0.0000083171917579
 0.0000021307103397
 0.0000005317368666
 0.0040796120518495
 0.0010417515079075
 0.0002662288459624
 0.0000671768713169
 0.0000169179750540
 0.0000043294912345
 0.0000010783140169
 1.8195431207523605
 0.7219446956288937
 0.2461068273478126
 0.0656294344449009
 0.0152318989011881
 0.0064098829270733
 0.0013082990445685
 0.0020944024195821
 0.0005233554662353
 0.0001339575491767
 0.0000331117526757
 0.0000083027627426
 0.0000020969093824
 0.0000005323182651
 0.0040575634497947
 0.0010424470215392
 0.0002635595834801
 0.0000673753156258
 0.0000171799281760
 0.0000043124650190
 0.0000011163832360
 2.0009970883272601
 0.7252975651445457
 0.2682681801649771
 0.0463967292690839
 0.0140897024078548
 0.0054255522761828
 0.0012548279770499
